// Jest Snapshot v1, https://goo.gl/fbAQLP

exports[`ComparedCard should match the snapshot 1`] = `
ShallowWrapper {
  Symbol(enzyme.__root__): [Circular],
  Symbol(enzyme.__unrendered__): <ComparedCard />,
  Symbol(enzyme.__renderer__): Object {
    "batchedUpdates": [Function],
    "getNode": [Function],
    "render": [Function],
    "simulateEvent": [Function],
    "unmount": [Function],
  },
  Symbol(enzyme.__node__): Object {
    "instance": null,
    "key": undefined,
    "nodeType": "host",
    "props": Object {
      "children": Array [
        <h2
          className="comparedName"
/>,
        <p>
          ↓
</p>,
        <h5
          className="averages"
>
          &lt;-----
</h5>,
        <h2
          className="compared"
>
          &lt;--
          --&gt;
</h2>,
        <h5
          className="averages"
>
          ------&gt;
</h5>,
        <p>
          ↑
</p>,
        <h2
          className="comparedName"
/>,
      ],
      "className": "comparedCard",
    },
    "ref": null,
    "rendered": Array [
      Object {
        "instance": null,
        "key": undefined,
        "nodeType": "host",
        "props": Object {
          "children": undefined,
          "className": "comparedName",
        },
        "ref": null,
        "rendered": null,
        "type": "h2",
      },
      Object {
        "instance": null,
        "key": undefined,
        "nodeType": "host",
        "props": Object {
          "children": "↓",
        },
        "ref": null,
        "rendered": "↓",
        "type": "p",
      },
      Object {
        "instance": null,
        "key": undefined,
        "nodeType": "host",
        "props": Object {
          "children": Array [
            "<-----",
            undefined,
          ],
          "className": "averages",
        },
        "ref": null,
        "rendered": Array [
          "<-----",
          undefined,
        ],
        "type": "h5",
      },
      Object {
        "instance": null,
        "key": undefined,
        "nodeType": "host",
        "props": Object {
          "children": Array [
            "<--",
            undefined,
            "-->",
          ],
          "className": "compared",
        },
        "ref": null,
        "rendered": Array [
          "<--",
          undefined,
          "-->",
        ],
        "type": "h2",
      },
      Object {
        "instance": null,
        "key": undefined,
        "nodeType": "host",
        "props": Object {
          "children": Array [
            undefined,
            "------>",
          ],
          "className": "averages",
        },
        "ref": null,
        "rendered": Array [
          undefined,
          "------>",
        ],
        "type": "h5",
      },
      Object {
        "instance": null,
        "key": undefined,
        "nodeType": "host",
        "props": Object {
          "children": "↑",
        },
        "ref": null,
        "rendered": "↑",
        "type": "p",
      },
      Object {
        "instance": null,
        "key": undefined,
        "nodeType": "host",
        "props": Object {
          "children": undefined,
          "className": "comparedName",
        },
        "ref": null,
        "rendered": null,
        "type": "h2",
      },
    ],
    "type": "div",
  },
  Symbol(enzyme.__nodes__): Array [
    Object {
      "instance": null,
      "key": undefined,
      "nodeType": "host",
      "props": Object {
        "children": Array [
          <h2
            className="comparedName"
/>,
          <p>
            ↓
</p>,
          <h5
            className="averages"
>
            &lt;-----
</h5>,
          <h2
            className="compared"
>
            &lt;--
            --&gt;
</h2>,
          <h5
            className="averages"
>
            ------&gt;
</h5>,
          <p>
            ↑
</p>,
          <h2
            className="comparedName"
/>,
        ],
        "className": "comparedCard",
      },
      "ref": null,
      "rendered": Array [
        Object {
          "instance": null,
          "key": undefined,
          "nodeType": "host",
          "props": Object {
            "children": undefined,
            "className": "comparedName",
          },
          "ref": null,
          "rendered": null,
          "type": "h2",
        },
        Object {
          "instance": null,
          "key": undefined,
          "nodeType": "host",
          "props": Object {
            "children": "↓",
          },
          "ref": null,
          "rendered": "↓",
          "type": "p",
        },
        Object {
          "instance": null,
          "key": undefined,
          "nodeType": "host",
          "props": Object {
            "children": Array [
              "<-----",
              undefined,
            ],
            "className": "averages",
          },
          "ref": null,
          "rendered": Array [
            "<-----",
            undefined,
          ],
          "type": "h5",
        },
        Object {
          "instance": null,
          "key": undefined,
          "nodeType": "host",
          "props": Object {
            "children": Array [
              "<--",
              undefined,
              "-->",
            ],
            "className": "compared",
          },
          "ref": null,
          "rendered": Array [
            "<--",
            undefined,
            "-->",
          ],
          "type": "h2",
        },
        Object {
          "instance": null,
          "key": undefined,
          "nodeType": "host",
          "props": Object {
            "children": Array [
              undefined,
              "------>",
            ],
            "className": "averages",
          },
          "ref": null,
          "rendered": Array [
            undefined,
            "------>",
          ],
          "type": "h5",
        },
        Object {
          "instance": null,
          "key": undefined,
          "nodeType": "host",
          "props": Object {
            "children": "↑",
          },
          "ref": null,
          "rendered": "↑",
          "type": "p",
        },
        Object {
          "instance": null,
          "key": undefined,
          "nodeType": "host",
          "props": Object {
            "children": undefined,
            "className": "comparedName",
          },
          "ref": null,
          "rendered": null,
          "type": "h2",
        },
      ],
      "type": "div",
    },
  ],
  Symbol(enzyme.__options__): Object {
    "adapter": ReactSixteenAdapter {
      "options": Object {
        "enableComponentDidUpdateOnSetState": true,
        "lifecycles": Object {
          "componentDidUpdate": Object {
            "onSetState": true,
          },
          "getSnapshotBeforeUpdate": true,
        },
      },
    },
    "attachTo": undefined,
    "hydrateIn": undefined,
  },
}
`;
